
> project-dashboard@0.5.0 build
> next build

[baseline-browser-mapping] The data in this module is over two months old.  To ensure accurate Baseline data, please update: `npm i baseline-browser-mapping@latest -D`
   ▲ Next.js 16.0.5 (Turbopack)
   - Environments: .env.local, .env
   - Experiments (use with caution):
     · serverActions

 ⚠ The "middleware" file convention is deprecated. Please use "proxy" instead. Learn more: https://nextjs.org/docs/messages/middleware-to-proxy
   Creating an optimized production build ...
[baseline-browser-mapping] The data in this module is over two months old.  To ensure accurate Baseline data, please update: `npm i baseline-browser-mapping@latest -D`
(node:49544) Warning: To load an ES module, set "type": "module" in the package.json or use the .mjs extension.
(Use `node --trace-warnings ...` to show where the warning was created)
 ✓ Compiled successfully in 11.3s
   Running TypeScript ...
Failed to compile.

./lib/actions/vercel.ts:109:11
Type error: Type '{ id: string; url: string; state: string; target: string; createdAt: number; ready: number | undefined; meta: { githubCommitRef?: string | undefined; githubCommitSha?: string | undefined; githubCommitMessage?: string | undefined; } | undefined; } | null' is not assignable to type 'NullableJsonNullValueInput | InputJsonValue | undefined'.
  Type 'null' is not assignable to type 'NullableJsonNullValueInput | InputJsonValue | undefined'.

[0m [90m 107 |[39m             [33m?[39m mapDeploymentState(latestDeployment[33m.[39mstate)
 [90m 108 |[39m             [33m:[39m [33mBuildStatus[39m[33m.[39m[33mREADY[39m[33m,[39m
[31m[1m>[22m[39m[90m 109 |[39m           latestDeployment[33m:[39m latestDeployment
 [90m     |[39m           [31m[1m^[22m[39m
 [90m 110 |[39m             [33m?[39m {
 [90m 111 |[39m                 id[33m:[39m latestDeployment[33m.[39muid[33m,[39m
 [90m 112 |[39m                 url[33m:[39m latestDeployment[33m.[39murl[33m,[39m[0m
Next.js build worker exited with code: 1 and signal: null
